// Jest Snapshot v1, https://goo.gl/fbAQLP

exports[`ActivityIndicator renders without crashing 1`] = `
<RNSVGSvgView
  bbHeight={32}
  bbWidth={32}
  focusable={false}
  height={32}
  style={
    Array [
      Object {
        "backgroundColor": "transparent",
        "borderWidth": 0,
      },
      Object {
        "flex": 0,
        "height": 32,
        "width": 32,
      },
    ]
  }
  width={32}
>
  <RNSVGGroup>
    <RNSVGCircle
      cx={16}
      cy={16}
      opacity={0.4}
      propList={
        Array [
          "stroke",
          "strokeWidth",
        ]
      }
      r={15}
      stroke={4279045389}
      strokeWidth={1}
    />
    <RNSVGPath
      d="M 15.999999999999998 1 A 15 15 0 0 1 31 15.999999999999998"
      propList={
        Array [
          "stroke",
          "strokeWidth",
        ]
      }
      stroke={4279045389}
      strokeWidth={1}
    />
  </RNSVGGroup>
</RNSVGSvgView>
`;
